// Jest Snapshot v1, https://goo.gl/fbAQLP

exports[`#render should show snapshot 1`] = `
<div>
  <button
    className="btn btn-warning"
    onClick={[Function]}
  >
    Edit
  </button>
  <button
    className="btn btn-danger"
    onClick={[Function]}
  >
    Delete
  </button>
</div>
`;
