// Jest Snapshot v1, https://goo.gl/fbAQLP

exports[`when questions are not empty should show snapshot 1`] = `
<table
  className="table"
>
  <thead>
    <tr>
      <th
        className="col-md-1"
      >
        Index
      </th>
      <th
        className="col-md-6"
      >
        Content
      </th>
      <th
        className="col-md-3"
      >
        Answer
      </th>
      <th
        className="col-md-2"
      />
    </tr>
  </thead>
  <tbody>
    <Connect(QuestionRow)
      order={1}
      question={
        Object {
          "answer": "hoge",
          "content": "hogehoge",
          "id": 1,
        }
      }
    />
    <Connect(QuestionRow)
      order={2}
      question={
        Object {
          "answer": "fuga",
          "content": "fugafuga",
          "id": 2,
        }
      }
    />
  </tbody>
</table>
`;
