// Jest Snapshot v1, https://goo.gl/fbAQLP

exports[`when questions are not undefined should show snapshot 1`] = `
<div
  className="manage-page"
>
  <Connect(NewQuestion) />
  <Questions
    questions={Array []}
  />
</div>
`;
